
==========================================================================
resizer report_tns
--------------------------------------------------------------------------
tns 0.00

==========================================================================
resizer report_wns
--------------------------------------------------------------------------
wns 0.00

==========================================================================
resizer report_worst_slack
--------------------------------------------------------------------------
worst slack INF

==========================================================================
resizer report_checks -path_delay min
--------------------------------------------------------------------------
No paths found.

==========================================================================
resizer report_checks -path_delay max
--------------------------------------------------------------------------
No paths found.

==========================================================================
resizer report_checks -unconstrained
--------------------------------------------------------------------------
Startpoint: B[0] (input port clocked by core_clock)
Endpoint: output19/X (internal pin)
Path Group: unconstrained
Path Type: max

Fanout     Cap    Slew   Delay    Time   Description
-----------------------------------------------------------------------------
                          0.60    0.60 v input external delay
     1    0.00    0.00    0.00    0.60 v B[0] (in)
                                         B[0] (net)
                  0.00    0.00    0.60 v input9/A (sky130_fd_sc_hd__buf_1)
     2    0.01    0.05    0.09    0.69 v input9/X (sky130_fd_sc_hd__buf_1)
                                         net9 (net)
                  0.05    0.00    0.69 v _40_/A_N (sky130_fd_sc_hd__nand2b_1)
     1    0.00    0.05    0.14    0.84 v _40_/Y (sky130_fd_sc_hd__nand2b_1)
                                         _14_ (net)
                  0.05    0.00    0.84 v _41_/C (sky130_fd_sc_hd__maj3_1)
     1    0.00    0.07    0.36    1.19 v _41_/X (sky130_fd_sc_hd__maj3_1)
                                         _15_ (net)
                  0.07    0.00    1.19 v _42_/C (sky130_fd_sc_hd__maj3_1)
     1    0.00    0.07    0.36    1.56 v _42_/X (sky130_fd_sc_hd__maj3_1)
                                         _16_ (net)
                  0.07    0.00    1.56 v _43_/C (sky130_fd_sc_hd__maj3_1)
     2    0.01    0.08    0.38    1.93 v _43_/X (sky130_fd_sc_hd__maj3_1)
                                         _17_ (net)
                  0.08    0.00    1.93 v _52_/A3 (sky130_fd_sc_hd__a31o_1)
     1    0.00    0.04    0.23    2.17 v _52_/X (sky130_fd_sc_hd__a31o_1)
                                         net19 (net)
                  0.04    0.00    2.17 v output19/A (sky130_fd_sc_hd__buf_1)
     0    0.00    0.01    0.07    2.24 v output19/X (sky130_fd_sc_hd__buf_1)
                                         A_less (net)
                                  2.24   data arrival time
-----------------------------------------------------------------------------
(Path is unconstrained)



==========================================================================
resizer report_check_types -max_slew -max_cap -max_fanout -violators
--------------------------------------------------------------------------

==========================================================================
resizer max_slew_check_slack
--------------------------------------------------------------------------
1.3421059846878052

==========================================================================
resizer max_slew_check_limit
--------------------------------------------------------------------------
1.4892979860305786

==========================================================================
resizer max_slew_check_slack_limit
--------------------------------------------------------------------------
0.9012

==========================================================================
resizer max_fanout_check_slack
--------------------------------------------------------------------------
1.0000000150474662e+30

==========================================================================
resizer max_fanout_check_limit
--------------------------------------------------------------------------
1.0000000150474662e+30

==========================================================================
resizer max_capacitance_check_slack
--------------------------------------------------------------------------
0.06536874920129776

==========================================================================
resizer max_capacitance_check_limit
--------------------------------------------------------------------------
0.0695900022983551

==========================================================================
resizer max_capacitance_check_slack_limit
--------------------------------------------------------------------------
0.9393

==========================================================================
resizer max_slew_violation_count
--------------------------------------------------------------------------
max slew violation count 0

==========================================================================
resizer max_fanout_violation_count
--------------------------------------------------------------------------
max fanout violation count 0

==========================================================================
resizer max_cap_violation_count
--------------------------------------------------------------------------
max cap violation count 0

==========================================================================
resizer setup_violation_count
--------------------------------------------------------------------------
setup violation count 0

==========================================================================
resizer hold_violation_count
--------------------------------------------------------------------------
hold violation count 0

==========================================================================
resizer critical path delay
--------------------------------------------------------------------------
-1

==========================================================================
resizer critical path slack
--------------------------------------------------------------------------
0

==========================================================================
resizer slack div critical path delay
--------------------------------------------------------------------------
0.000000

==========================================================================
resizer report_power
--------------------------------------------------------------------------
Group                  Internal  Switching    Leakage      Total
                          Power      Power      Power      Power (Watts)
----------------------------------------------------------------
Sequential             0.00e+00   0.00e+00   0.00e+00   0.00e+00   0.0%
Combinational          2.04e-05   1.68e-05   1.04e-10   3.72e-05 100.0%
Clock                  0.00e+00   0.00e+00   0.00e+00   0.00e+00   0.0%
Macro                  0.00e+00   0.00e+00   0.00e+00   0.00e+00   0.0%
Pad                    0.00e+00   0.00e+00   0.00e+00   0.00e+00   0.0%
----------------------------------------------------------------
Total                  2.04e-05   1.68e-05   1.04e-10   3.72e-05 100.0%
                          54.8%      45.2%       0.0%
