
==========================================================================
global route report_tns
--------------------------------------------------------------------------
tns 0.00

==========================================================================
global route report_wns
--------------------------------------------------------------------------
wns 0.00

==========================================================================
global route report_worst_slack
--------------------------------------------------------------------------
worst slack 0.11

==========================================================================
global route report_clock_skew
--------------------------------------------------------------------------
Clock core_clock
No launch/capture paths found.


==========================================================================
global route report_checks -path_delay min
--------------------------------------------------------------------------
Startpoint: B[7] (input port clocked by core_clock)
Endpoint: A_greater (output port clocked by core_clock)
Path Group: core_clock
Path Type: min

Fanout     Cap    Slew   Delay    Time   Description
-----------------------------------------------------------------------------
                  0.00    0.00    0.00   clock core_clock (rise edge)
                          0.00    0.00   clock network delay (ideal)
                          0.60    0.60 ^ input external delay
     1    0.01    0.00    0.00    0.60 ^ B[7] (in)
                                         B[7] (net)
                  0.00    0.00    0.60 ^ input16/A (sky130_fd_sc_hd__buf_1)
     2    0.01    0.12    0.12    0.72 ^ input16/X (sky130_fd_sc_hd__buf_1)
                                         net16 (net)
                  0.12    0.00    0.72 ^ _50_/A (sky130_fd_sc_hd__maj3_1)
     2    0.01    0.08    0.20    0.92 ^ _50_/X (sky130_fd_sc_hd__maj3_1)
                                         _24_ (net)
                  0.08    0.00    0.92 ^ _51_/B1 (sky130_fd_sc_hd__a21oi_1)
     1    0.00    0.04    0.05    0.97 v _51_/Y (sky130_fd_sc_hd__a21oi_1)
                                         net18 (net)
                  0.04    0.00    0.97 v output18/A (sky130_fd_sc_hd__buf_1)
     1    0.00    0.03    0.08    1.05 v output18/X (sky130_fd_sc_hd__buf_1)
                                         A_greater (net)
                  0.03    0.00    1.05 v A_greater (out)
                                  1.05   data arrival time

                  0.00    0.00    0.00   clock core_clock (rise edge)
                          0.00    0.00   clock network delay (ideal)
                          0.00    0.00   clock reconvergence pessimism
                         -0.60   -0.60   output external delay
                                 -0.60   data required time
-----------------------------------------------------------------------------
                                 -0.60   data required time
                                 -1.05   data arrival time
-----------------------------------------------------------------------------
                                  1.65   slack (MET)



==========================================================================
global route report_checks -path_delay max
--------------------------------------------------------------------------
Startpoint: B[0] (input port clocked by core_clock)
Endpoint: A_less (output port clocked by core_clock)
Path Group: core_clock
Path Type: max

Fanout     Cap    Slew   Delay    Time   Description
-----------------------------------------------------------------------------
                  0.00    0.00    0.00   clock core_clock (rise edge)
                          0.00    0.00   clock network delay (ideal)
                          0.60    0.60 v input external delay
     1    0.00    0.00    0.00    0.60 v B[0] (in)
                                         B[0] (net)
                  0.00    0.00    0.60 v input9/A (sky130_fd_sc_hd__buf_1)
     2    0.01    0.06    0.10    0.70 v input9/X (sky130_fd_sc_hd__buf_1)
                                         net9 (net)
                  0.06    0.00    0.70 v _40_/A_N (sky130_fd_sc_hd__nand2b_1)
     1    0.01    0.06    0.16    0.85 v _40_/Y (sky130_fd_sc_hd__nand2b_1)
                                         _14_ (net)
                  0.06    0.00    0.85 v _41_/C (sky130_fd_sc_hd__maj3_1)
     1    0.00    0.07    0.36    1.21 v _41_/X (sky130_fd_sc_hd__maj3_1)
                                         _15_ (net)
                  0.07    0.00    1.21 v _42_/C (sky130_fd_sc_hd__maj3_1)
     1    0.01    0.08    0.37    1.58 v _42_/X (sky130_fd_sc_hd__maj3_1)
                                         _16_ (net)
                  0.08    0.00    1.59 v _43_/C (sky130_fd_sc_hd__maj3_1)
     2    0.01    0.09    0.38    1.97 v _43_/X (sky130_fd_sc_hd__maj3_1)
                                         _17_ (net)
                  0.09    0.00    1.97 v _52_/A3 (sky130_fd_sc_hd__a31o_1)
     1    0.00    0.04    0.23    2.20 v _52_/X (sky130_fd_sc_hd__a31o_1)
                                         net19 (net)
                  0.04    0.00    2.20 v output19/A (sky130_fd_sc_hd__buf_1)
     1    0.00    0.03    0.09    2.29 v output19/X (sky130_fd_sc_hd__buf_1)
                                         A_less (net)
                  0.03    0.00    2.29 v A_less (out)
                                  2.29   data arrival time

                  0.00    3.00    3.00   clock core_clock (rise edge)
                          0.00    3.00   clock network delay (ideal)
                          0.00    3.00   clock reconvergence pessimism
                         -0.60    2.40   output external delay
                                  2.40   data required time
-----------------------------------------------------------------------------
                                  2.40   data required time
                                 -2.29   data arrival time
-----------------------------------------------------------------------------
                                  0.11   slack (MET)



==========================================================================
global route report_checks -unconstrained
--------------------------------------------------------------------------
Startpoint: B[0] (input port clocked by core_clock)
Endpoint: A_less (output port clocked by core_clock)
Path Group: core_clock
Path Type: max

Fanout     Cap    Slew   Delay    Time   Description
-----------------------------------------------------------------------------
                  0.00    0.00    0.00   clock core_clock (rise edge)
                          0.00    0.00   clock network delay (ideal)
                          0.60    0.60 v input external delay
     1    0.00    0.00    0.00    0.60 v B[0] (in)
                                         B[0] (net)
                  0.00    0.00    0.60 v input9/A (sky130_fd_sc_hd__buf_1)
     2    0.01    0.06    0.10    0.70 v input9/X (sky130_fd_sc_hd__buf_1)
                                         net9 (net)
                  0.06    0.00    0.70 v _40_/A_N (sky130_fd_sc_hd__nand2b_1)
     1    0.01    0.06    0.16    0.85 v _40_/Y (sky130_fd_sc_hd__nand2b_1)
                                         _14_ (net)
                  0.06    0.00    0.85 v _41_/C (sky130_fd_sc_hd__maj3_1)
     1    0.00    0.07    0.36    1.21 v _41_/X (sky130_fd_sc_hd__maj3_1)
                                         _15_ (net)
                  0.07    0.00    1.21 v _42_/C (sky130_fd_sc_hd__maj3_1)
     1    0.01    0.08    0.37    1.58 v _42_/X (sky130_fd_sc_hd__maj3_1)
                                         _16_ (net)
                  0.08    0.00    1.59 v _43_/C (sky130_fd_sc_hd__maj3_1)
     2    0.01    0.09    0.38    1.97 v _43_/X (sky130_fd_sc_hd__maj3_1)
                                         _17_ (net)
                  0.09    0.00    1.97 v _52_/A3 (sky130_fd_sc_hd__a31o_1)
     1    0.00    0.04    0.23    2.20 v _52_/X (sky130_fd_sc_hd__a31o_1)
                                         net19 (net)
                  0.04    0.00    2.20 v output19/A (sky130_fd_sc_hd__buf_1)
     1    0.00    0.03    0.09    2.29 v output19/X (sky130_fd_sc_hd__buf_1)
                                         A_less (net)
                  0.03    0.00    2.29 v A_less (out)
                                  2.29   data arrival time

                  0.00    3.00    3.00   clock core_clock (rise edge)
                          0.00    3.00   clock network delay (ideal)
                          0.00    3.00   clock reconvergence pessimism
                         -0.60    2.40   output external delay
                                  2.40   data required time
-----------------------------------------------------------------------------
                                  2.40   data required time
                                 -2.29   data arrival time
-----------------------------------------------------------------------------
                                  0.11   slack (MET)



==========================================================================
global route report_check_types -max_slew -max_cap -max_fanout -violators
--------------------------------------------------------------------------

==========================================================================
global route max_slew_check_slack
--------------------------------------------------------------------------
1.3068288564682007

==========================================================================
global route max_slew_check_limit
--------------------------------------------------------------------------
1.4892979860305786

==========================================================================
global route max_slew_check_slack_limit
--------------------------------------------------------------------------
0.8775

==========================================================================
global route max_fanout_check_slack
--------------------------------------------------------------------------
1.0000000150474662e+30

==========================================================================
global route max_fanout_check_limit
--------------------------------------------------------------------------
1.0000000150474662e+30

==========================================================================
global route max_capacitance_check_slack
--------------------------------------------------------------------------
0.06330729275941849

==========================================================================
global route max_capacitance_check_limit
--------------------------------------------------------------------------
0.0695900022983551

==========================================================================
global route max_capacitance_check_slack_limit
--------------------------------------------------------------------------
0.9097

==========================================================================
global route max_slew_violation_count
--------------------------------------------------------------------------
max slew violation count 0

==========================================================================
global route max_fanout_violation_count
--------------------------------------------------------------------------
max fanout violation count 0

==========================================================================
global route max_cap_violation_count
--------------------------------------------------------------------------
max cap violation count 0

==========================================================================
global route setup_violation_count
--------------------------------------------------------------------------
setup violation count 0

==========================================================================
global route hold_violation_count
--------------------------------------------------------------------------
hold violation count 0

==========================================================================
global route critical path delay
--------------------------------------------------------------------------
2.2895

==========================================================================
global route critical path slack
--------------------------------------------------------------------------
0.1105

==========================================================================
global route slack div critical path delay
--------------------------------------------------------------------------
4.826381

==========================================================================
global route report_power
--------------------------------------------------------------------------
Group                  Internal  Switching    Leakage      Total
                          Power      Power      Power      Power (Watts)
----------------------------------------------------------------
Sequential             0.00e+00   0.00e+00   0.00e+00   0.00e+00   0.0%
Combinational          2.05e-05   2.11e-05   1.04e-10   4.16e-05 100.0%
Clock                  0.00e+00   0.00e+00   0.00e+00   0.00e+00   0.0%
Macro                  0.00e+00   0.00e+00   0.00e+00   0.00e+00   0.0%
Pad                    0.00e+00   0.00e+00   0.00e+00   0.00e+00   0.0%
----------------------------------------------------------------
Total                  2.05e-05   2.11e-05   1.04e-10   4.16e-05 100.0%
                          49.2%      50.8%       0.0%
